src/sections/ThreadManagement.tsx(45,54): error TS6133: 'nextId' is declared but its value is never read.
