src/App.tsx(13,3): error TS6133: 'Pause' is declared but its value is never read.
src/sections/Dashboard.tsx(1,1): error TS6133: 'React' is declared but its value is never read.
src/sections/Dashboard.tsx(12,3): error TS6133: 'BarChart' is declared but its value is never read.
src/sections/Dashboard.tsx(13,3): error TS6133: 'Bar' is declared but its value is never read.
src/sections/Dashboard.tsx(14,3): error TS6133: 'Cell' is declared but its value is never read.
src/sections/DeadlockSimulator.tsx(1,27): error TS6133: 'useEffect' is declared but its value is never read.
src/sections/DeadlockSimulator.tsx(4,3): error TS6133: 'Lock' is declared but its value is never read.
src/sections/DeadlockSimulator.tsx(9,3): error TS6133: 'Cpu' is declared but its value is never read.
src/sections/DeadlockSimulator.tsx(20,7): error TS6133: 'RESOURCE_TYPES' is declared but its value is never read.
src/sections/DeadlockSimulator.tsx(23,21): error TS6133: 'setResources' is declared but its value is never read.
src/sections/DeadlockSimulator.tsx(29,21): error TS6133: 'setProcesses' is declared but its value is never read.
src/sections/LearnPanel.tsx(1,8): error TS6133: 'React' is declared but its value is never read.
src/sections/PerformanceGraphs.tsx(1,1): error TS6133: 'React' is declared but its value is never read.
src/sections/PerformanceGraphs.tsx(2,1): error TS6133: 'motion' is declared but its value is never read.
src/sections/PerformanceGraphs.tsx(68,43): error TS6133: 'entry' is declared but its value is never read.
src/sections/ProcessManagement.tsx(1,8): error TS6133: 'React' is declared but its value is never read.
src/sections/ProcessManagement.tsx(8,3): error TS6133: 'Trash2' is declared but its value is never read.
src/sections/ProcessManagement.tsx(36,20): error TS6133: 'setTimeStep' is declared but its value is never read.
src/sections/ProcessManagement.tsx(85,9): error TS6133: 'remainingProcesses' is declared but its value is never read.
src/sections/SynchronizationLab.tsx(1,8): error TS6133: 'React' is declared but its value is never read.
src/sections/SynchronizationLab.tsx(4,3): error TS6133: 'RefreshCcw' is declared but its value is never read.
src/sections/SynchronizationLab.tsx(157,16): error TS2304: Cannot find name 'RotateCcw'.
src/sections/ThreadManagement.tsx(1,8): error TS6133: 'React' is declared but its value is never read.
src/sections/ThreadManagement.tsx(15,32): error TS6133: 'THREAD_COLORS' is declared but its value is never read.
